<?xml version="1.0" encoding="utf-8"?><testsuites><testsuite name="pytest" errors="0" failures="0" skipped="0" tests="0" time="0.098" timestamp="2023-05-07T05:01:44.783995" hostname="Diegos-MacBook-Pro.local" /></testsuites>